.next/types/validator.ts(52,39): error TS2307: Cannot find module '../src/app/(inversor)/inversor-dashboard/page.js' or its corresponding type declarations.
.next/types/validator.ts(58,39): error TS2307: Cannot find module '../src/app/(inversor)/inversor-login/page.js' or its corresponding type declarations.
.next/types/validator.ts(64,39): error TS2307: Cannot find module '../src/app/(inversor)/inversor-portal/page.js' or its corresponding type declarations.
.next/types/validator.ts(70,39): error TS2307: Cannot find module '../src/app/cargar-vehiculo/page.js' or its corresponding type declarations.
.next/types/validator.ts(76,39): error TS2307: Cannot find module '../src/app/clientes/[id]/page.js' or its corresponding type declarations.
.next/types/validator.ts(82,39): error TS2307: Cannot find module '../src/app/clientes/crear/page.js' or its corresponding type declarations.
.next/types/validator.ts(88,39): error TS2307: Cannot find module '../src/app/clientes/dashboard/page.js' or its corresponding type declarations.
.next/types/validator.ts(94,39): error TS2307: Cannot find module '../src/app/clientes/page.js' or its corresponding type declarations.
.next/types/validator.ts(100,39): error TS2307: Cannot find module '../src/app/dashboard-inversores/page.js' or its corresponding type declarations.
.next/types/validator.ts(106,39): error TS2307: Cannot find module '../src/app/deals/[id]/page.js' or its corresponding type declarations.
.next/types/validator.ts(112,39): error TS2307: Cannot find module '../src/app/deals/crear/page.js' or its corresponding type declarations.
.next/types/validator.ts(118,39): error TS2307: Cannot find module '../src/app/deals/nuevo/page.js' or its corresponding type declarations.
.next/types/validator.ts(124,39): error TS2307: Cannot find module '../src/app/deals/page.js' or its corresponding type declarations.
.next/types/validator.ts(130,39): error TS2307: Cannot find module '../src/app/depositos/[id]/page.js' or its corresponding type declarations.
.next/types/validator.ts(136,39): error TS2307: Cannot find module '../src/app/depositos/nuevo/page.js' or its corresponding type declarations.
.next/types/validator.ts(142,39): error TS2307: Cannot find module '../src/app/depositos/page.js' or its corresponding type declarations.
.next/types/validator.ts(148,39): error TS2307: Cannot find module '../src/app/documentacion/page.js' or its corresponding type declarations.
.next/types/validator.ts(154,39): error TS2307: Cannot find module '../src/app/importar-csv/page.js' or its corresponding type declarations.
.next/types/validator.ts(160,39): error TS2307: Cannot find module '../src/app/inversores/[id]/page.js' or its corresponding type declarations.
.next/types/validator.ts(166,39): error TS2307: Cannot find module '../src/app/inversores/page.js' or its corresponding type declarations.
.next/types/validator.ts(172,39): error TS2307: Cannot find module '../src/app/kanban/page.js' or its corresponding type declarations.
.next/types/validator.ts(178,39): error TS2307: Cannot find module '../src/app/login/page.js' or its corresponding type declarations.
.next/types/validator.ts(184,39): error TS2307: Cannot find module '../src/app/logininv/page.js' or its corresponding type declarations.
.next/types/validator.ts(190,39): error TS2307: Cannot find module '../src/app/page.js' or its corresponding type declarations.
.next/types/validator.ts(196,39): error TS2307: Cannot find module '../src/app/test-contrato/page.js' or its corresponding type declarations.
.next/types/validator.ts(202,39): error TS2307: Cannot find module '../src/app/test-documentos/page.js' or its corresponding type declarations.
.next/types/validator.ts(208,39): error TS2307: Cannot find module '../src/app/test-pdf/page.js' or its corresponding type declarations.
.next/types/validator.ts(214,39): error TS2307: Cannot find module '../src/app/test-sheets/page.js' or its corresponding type declarations.
.next/types/validator.ts(220,39): error TS2307: Cannot find module '../src/app/unauthorized/page.js' or its corresponding type declarations.
.next/types/validator.ts(226,39): error TS2307: Cannot find module '../src/app/vehiculos/[id]/page.js' or its corresponding type declarations.
.next/types/validator.ts(232,39): error TS2307: Cannot find module '../src/app/vehiculos/page.js' or its corresponding type declarations.
.next/types/validator.ts(238,39): error TS2307: Cannot find module '../src/app/api/admin/add-titulo-to-cliente-notas/route.js' or its corresponding type declarations.
.next/types/validator.ts(244,39): error TS2307: Cannot find module '../src/app/api/admin/create-cliente-notas-table/route.js' or its corresponding type declarations.
.next/types/validator.ts(250,39): error TS2307: Cannot find module '../src/app/api/admin/create-deal-notas-table/route.js' or its corresponding type declarations.
.next/types/validator.ts(256,39): error TS2307: Cannot find module '../src/app/api/admin/create-deposito-recordatorios-table/route.js' or its corresponding type declarations.
.next/types/validator.ts(262,39): error TS2307: Cannot find module '../src/app/api/admin/create-inversor-notas-table/route.js' or its corresponding type declarations.
.next/types/validator.ts(268,39): error TS2307: Cannot find module '../src/app/api/admin/create-recordatorios-tables/route.js' or its corresponding type declarations.
.next/types/validator.ts(274,39): error TS2307: Cannot find module '../src/app/api/admin/create-vehiculo-documentos-table/route.js' or its corresponding type declarations.
.next/types/validator.ts(280,39): error TS2307: Cannot find module '../src/app/api/admin/create-vehiculo-notas-table/route.js' or its corresponding type declarations.
.next/types/validator.ts(286,39): error TS2307: Cannot find module '../src/app/api/clientes/[id]/notas/route.js' or its corresponding type declarations.
.next/types/validator.ts(292,39): error TS2307: Cannot find module '../src/app/api/clientes/[id]/recordatorios/[reminderId]/route.js' or its corresponding type declarations.
.next/types/validator.ts(298,39): error TS2307: Cannot find module '../src/app/api/clientes/[id]/recordatorios/route.js' or its corresponding type declarations.
.next/types/validator.ts(304,39): error TS2307: Cannot find module '../src/app/api/clientes/[id]/route.js' or its corresponding type declarations.
.next/types/validator.ts(310,39): error TS2307: Cannot find module '../src/app/api/clientes/buscar/route.js' or its corresponding type declarations.
.next/types/validator.ts(316,39): error TS2307: Cannot find module '../src/app/api/clientes/route.js' or its corresponding type declarations.
.next/types/validator.ts(322,39): error TS2307: Cannot find module '../src/app/api/contratos/venta/route.js' or its corresponding type declarations.
.next/types/validator.ts(328,39): error TS2307: Cannot find module '../src/app/api/dashboard/recordatorios/route.js' or its corresponding type declarations.
.next/types/validator.ts(334,39): error TS2307: Cannot find module '../src/app/api/deals/[id]/notas/route.js' or its corresponding type declarations.
.next/types/validator.ts(340,39): error TS2307: Cannot find module '../src/app/api/deals/[id]/recordatorios/route.js' or its corresponding type declarations.
.next/types/validator.ts(346,39): error TS2307: Cannot find module '../src/app/api/deals/[id]/route.js' or its corresponding type declarations.
.next/types/validator.ts(352,39): error TS2307: Cannot find module '../src/app/api/deals/[id]/venta-info/route.js' or its corresponding type declarations.
.next/types/validator.ts(358,39): error TS2307: Cannot find module '../src/app/api/deals/files/[fileId]/route.js' or its corresponding type declarations.
.next/types/validator.ts(364,39): error TS2307: Cannot find module '../src/app/api/deals/route.js' or its corresponding type declarations.
.next/types/validator.ts(370,39): error TS2307: Cannot find module '../src/app/api/deals/ultimas/route.js' or its corresponding type declarations.
.next/types/validator.ts(376,39): error TS2307: Cannot find module '../src/app/api/deals/upload-file/route.js' or its corresponding type declarations.
.next/types/validator.ts(382,39): error TS2307: Cannot find module '../src/app/api/depositos/[id]/notas/route.js' or its corresponding type declarations.
.next/types/validator.ts(388,39): error TS2307: Cannot find module '../src/app/api/depositos/[id]/recordatorios/route.js' or its corresponding type declarations.
.next/types/validator.ts(394,39): error TS2307: Cannot find module '../src/app/api/depositos/[id]/route.js' or its corresponding type declarations.
.next/types/validator.ts(400,39): error TS2307: Cannot find module '../src/app/api/depositos/route.js' or its corresponding type declarations.
.next/types/validator.ts(406,39): error TS2307: Cannot find module '../src/app/api/depositos/stats/route.js' or its corresponding type declarations.
.next/types/validator.ts(412,39): error TS2307: Cannot find module '../src/app/api/documentacion/files/[fileId]/route.js' or its corresponding type declarations.
.next/types/validator.ts(418,39): error TS2307: Cannot find module '../src/app/api/documentacion/files/route.js' or its corresponding type declarations.
.next/types/validator.ts(424,39): error TS2307: Cannot find module '../src/app/api/documentacion/metadata/route.js' or its corresponding type declarations.
.next/types/validator.ts(430,39): error TS2307: Cannot find module '../src/app/api/documentacion/upload-file/route.js' or its corresponding type declarations.
.next/types/validator.ts(436,39): error TS2307: Cannot find module '../src/app/api/inversores/[id]/files/[fileId]/route.js' or its corresponding type declarations.
.next/types/validator.ts(442,39): error TS2307: Cannot find module '../src/app/api/inversores/[id]/files/route.js' or its corresponding type declarations.
.next/types/validator.ts(448,39): error TS2307: Cannot find module '../src/app/api/inversores/[id]/metrics/route.js' or its corresponding type declarations.
.next/types/validator.ts(454,39): error TS2307: Cannot find module '../src/app/api/inversores/[id]/notas/route.js' or its corresponding type declarations.
.next/types/validator.ts(460,39): error TS2307: Cannot find module '../src/app/api/inversores/[id]/recordatorios/route.js' or its corresponding type declarations.
.next/types/validator.ts(466,39): error TS2307: Cannot find module '../src/app/api/inversores/[id]/route.js' or its corresponding type declarations.
.next/types/validator.ts(472,39): error TS2307: Cannot find module '../src/app/api/inversores/[id]/upload-document/route.js' or its corresponding type declarations.
.next/types/validator.ts(478,39): error TS2307: Cannot find module '../src/app/api/inversores/[id]/vehiculos/route.js' or its corresponding type declarations.
.next/types/validator.ts(484,39): error TS2307: Cannot find module '../src/app/api/inversores/files/[id]/download/route.js' or its corresponding type declarations.
.next/types/validator.ts(490,39): error TS2307: Cannot find module '../src/app/api/inversores/files/[id]/route.js' or its corresponding type declarations.
.next/types/validator.ts(496,39): error TS2307: Cannot find module '../src/app/api/inversores/files/route.js' or its corresponding type declarations.
.next/types/validator.ts(502,39): error TS2307: Cannot find module '../src/app/api/inversores/files/upload/route.js' or its corresponding type declarations.
.next/types/validator.ts(508,39): error TS2307: Cannot find module '../src/app/api/inversores/login/route.js' or its corresponding type declarations.
.next/types/validator.ts(514,39): error TS2307: Cannot find module '../src/app/api/inversores/route.js' or its corresponding type declarations.
.next/types/validator.ts(520,39): error TS2307: Cannot find module '../src/app/api/recordatorios/eliminar-cambio-nombre/[dealId]/route.js' or its corresponding type declarations.
.next/types/validator.ts(526,39): error TS2307: Cannot find module '../src/app/api/recordatorios/route.js' or its corresponding type declarations.
.next/types/validator.ts(532,39): error TS2307: Cannot find module '../src/app/api/test-dashboard-depositos/route.js' or its corresponding type declarations.
.next/types/validator.ts(538,39): error TS2307: Cannot find module '../src/app/api/test-delete-recordatorio/route.js' or its corresponding type declarations.
.next/types/validator.ts(544,39): error TS2307: Cannot find module '../src/app/api/test-deposito-recordatorios/route.js' or its corresponding type declarations.
.next/types/validator.ts(550,39): error TS2307: Cannot find module '../src/app/api/test-sheets/route.js' or its corresponding type declarations.
.next/types/validator.ts(556,39): error TS2307: Cannot find module '../src/app/api/test-toggle-recordatorio/route.js' or its corresponding type declarations.
.next/types/validator.ts(562,39): error TS2307: Cannot find module '../src/app/api/vehiculos-optimized/route.js' or its corresponding type declarations.
.next/types/validator.ts(568,39): error TS2307: Cannot find module '../src/app/api/vehiculos/[id]/documentos-temp/route.js' or its corresponding type declarations.
.next/types/validator.ts(574,39): error TS2307: Cannot find module '../src/app/api/vehiculos/[id]/documentos/route.js' or its corresponding type declarations.
.next/types/validator.ts(580,39): error TS2307: Cannot find module '../src/app/api/vehiculos/[id]/files/[fileId]/route.js' or its corresponding type declarations.
.next/types/validator.ts(586,39): error TS2307: Cannot find module '../src/app/api/vehiculos/[id]/files/route.js' or its corresponding type declarations.
.next/types/validator.ts(592,39): error TS2307: Cannot find module '../src/app/api/vehiculos/[id]/notas/route.js' or its corresponding type declarations.
.next/types/validator.ts(598,39): error TS2307: Cannot find module '../src/app/api/vehiculos/[id]/recordatorios/route.js' or its corresponding type declarations.
.next/types/validator.ts(604,39): error TS2307: Cannot find module '../src/app/api/vehiculos/[id]/route.js' or its corresponding type declarations.
.next/types/validator.ts(610,39): error TS2307: Cannot find module '../src/app/api/vehiculos/by-referencia/[referencia]/route.js' or its corresponding type declarations.
.next/types/validator.ts(616,39): error TS2307: Cannot find module '../src/app/api/vehiculos/cleanup-orphans/route.js' or its corresponding type declarations.
.next/types/validator.ts(622,39): error TS2307: Cannot find module '../src/app/api/vehiculos/clear-all/route.js' or its corresponding type declarations.
.next/types/validator.ts(628,39): error TS2307: Cannot find module '../src/app/api/vehiculos/import-csv/route.js' or its corresponding type declarations.
.next/types/validator.ts(634,39): error TS2307: Cannot find module '../src/app/api/vehiculos/kanban/route.js' or its corresponding type declarations.
.next/types/validator.ts(640,39): error TS2307: Cannot find module '../src/app/api/vehiculos/route.js' or its corresponding type declarations.
.next/types/validator.ts(646,39): error TS2307: Cannot find module '../src/app/api/vehiculos/stats/route.js' or its corresponding type declarations.
.next/types/validator.ts(652,39): error TS2307: Cannot find module '../src/app/api/vehiculos/sync-sheets/route.js' or its corresponding type declarations.
.next/types/validator.ts(658,39): error TS2307: Cannot find module '../src/app/api/vehiculos/upload-document/route.js' or its corresponding type declarations.
.next/types/validator.ts(664,39): error TS2307: Cannot find module '../src/app/api/ventas/route.js' or its corresponding type declarations.
.next/types/validator.ts(674,39): error TS2307: Cannot find module '../src/app/(auth)/layout.js' or its corresponding type declarations.
.next/types/validator.ts(680,39): error TS2307: Cannot find module '../src/app/(inversor)/layout.js' or its corresponding type declarations.
.next/types/validator.ts(686,39): error TS2307: Cannot find module '../src/app/inversores/layout.js' or its corresponding type declarations.
.next/types/validator.ts(692,39): error TS2307: Cannot find module '../src/app/layout.js' or its corresponding type declarations.
.next/types/validator.ts(698,39): error TS2307: Cannot find module '../src/app/login/layout.js' or its corresponding type declarations.
.next/types/validator.ts(704,39): error TS2307: Cannot find module '../src/app/logininv/layout.js' or its corresponding type declarations.
__tests__/components/VehicleCard.test.tsx(25,28): error TS7031: Binding element 'vehiculo' implicitly has an 'any' type.
__tests__/components/VehicleCard.test.tsx(25,38): error TS7031: Binding element 'onClick' implicitly has an 'any' type.
__tests__/components/VehicleCard.test.tsx(26,25): error TS7006: Parameter 'tipo' implicitly has an 'any' type.
__tests__/components/VehicleCard.test.tsx(37,28): error TS7006: Parameter 'referencia' implicitly has an 'any' type.
__tests__/components/VehicleCard.test.tsx(37,40): error TS7006: Parameter 'tipo' implicitly has an 'any' type.
__tests__/components/VehicleCard.test.tsx(103,13): error TS2741: Property 'onClick' is missing in type '{ vehiculo: { id: number; referencia: string; marca: string; modelo: string; matricula: string; bastidor: string; kms: number; tipo: string; estado: string; orden: number; }; }' but required in type '{ [x: string]: any; vehiculo: any; onClick: any; }'.
__tests__/components/VehicleCard.test.tsx(124,13): error TS2741: Property 'onClick' is missing in type '{ vehiculo: { id: number; referencia: string; marca: string; modelo: string; matricula: string; bastidor: string; kms: number; tipo: string; estado: string; orden: number; }; }' but required in type '{ [x: string]: any; vehiculo: any; onClick: any; }'.
__tests__/components/VehicleCard.test.tsx(144,13): error TS2741: Property 'onClick' is missing in type '{ vehiculo: { id: number; referencia: string; marca: string; modelo: string; matricula: string; bastidor: string; kms: number; tipo: string; estado: string; orden: number; }; }' but required in type '{ [x: string]: any; vehiculo: any; onClick: any; }'.
__tests__/components/VehicleCard.test.tsx(172,36): error TS2741: Property 'onClick' is missing in type '{ vehiculo: { id: number; referencia: string; marca: string; modelo: string; matricula: string; bastidor: string; kms: number; tipo: string; estado: string; orden: number; }; }' but required in type '{ [x: string]: any; vehiculo: any; onClick: any; }'.
__tests__/components/VehicleCard.test.tsx(195,36): error TS2741: Property 'onClick' is missing in type '{ vehiculo: { id: number; referencia: string; marca: string; modelo: string; matricula: string; bastidor: string; kms: number; tipo: string; estado: string; orden: number; }; }' but required in type '{ [x: string]: any; vehiculo: any; onClick: any; }'.
__tests__/components/VehicleCard.test.tsx(215,13): error TS2741: Property 'onClick' is missing in type '{ vehiculo: { id: number; referencia: string; marca: string; modelo: string; estado: string; kms: number; tipo: string; }; }' but required in type '{ [x: string]: any; vehiculo: any; onClick: any; }'.
__tests__/components/VehicleCard.test.tsx(227,34): error TS2741: Property 'onClick' is missing in type '{ vehiculo: { id: number; referencia: string; marca: string; modelo: string; matricula: string; bastidor: string; kms: number; tipo: string; estado: string; orden: number; }; }' but required in type '{ [x: string]: any; vehiculo: any; onClick: any; }'.
__tests__/components/VehicleCard.test.tsx(234,15): error TS2741: Property 'onClick' is missing in type '{ vehiculo: { id: number; referencia: string; marca: string; modelo: string; matricula: string; bastidor: string; kms: number; tipo: string; estado: string; orden: number; }; }' but required in type '{ [x: string]: any; vehiculo: any; onClick: any; }'.
__tests__/components/VehicleCard.test.tsx(241,15): error TS2741: Property 'onClick' is missing in type '{ vehiculo: { id: number; referencia: string; marca: string; modelo: string; matricula: string; bastidor: string; kms: number; tipo: string; estado: string; orden: number; }; }' but required in type '{ [x: string]: any; vehiculo: any; onClick: any; }'.
__tests__/components/VehicleCard.test.tsx(250,34): error TS2741: Property 'onClick' is missing in type '{ vehiculo: { id: number; referencia: string; marca: string; modelo: string; matricula: string; bastidor: string; kms: number; tipo: string; estado: string; orden: number; }; }' but required in type '{ [x: string]: any; vehiculo: any; onClick: any; }'.
__tests__/components/VehicleCard.test.tsx(256,15): error TS2741: Property 'onClick' is missing in type '{ vehiculo: { id: number; referencia: string; marca: string; modelo: string; matricula: string; bastidor: string; kms: number; tipo: string; estado: string; orden: number; }; }' but required in type '{ [x: string]: any; vehiculo: any; onClick: any; }'.
__tests__/components/VehicleCard.test.tsx(262,15): error TS2741: Property 'onClick' is missing in type '{ vehiculo: { id: number; referencia: string; marca: string; modelo: string; matricula: string; bastidor: string; kms: number; tipo: string; estado: string; orden: number; }; }' but required in type '{ [x: string]: any; vehiculo: any; onClick: any; }'.
__tests__/integration/crm-functions.test.ts(12,7): error TS2451: Cannot redeclare block-scoped variable 'createTestCliente'.
__tests__/integration/crm-functions.test.ts(30,7): error TS2451: Cannot redeclare block-scoped variable 'createTestVehiculo'.
__tests__/integration/crm-functions.test.ts(70,7): error TS2451: Cannot redeclare block-scoped variable 'createTestDeposito'.
__tests__/integration/crm-functions.test.ts(178,35): error TS2339: Property 'inversorId' does not exist on type '{ referencia: string; marca: string; modelo: string; matricula: string; bastidor: string; kms: number; tipo: string; estado: string; orden: number; fechaMatriculacion: string; esCocheInversor: boolean; ... 8 more ...; precioVenta: number; }'.
__tests__/integration/crm-functions.test.ts(206,31): error TS2339: Property 'inversorId' does not exist on type '{ referencia: string; marca: string; modelo: string; matricula: string; bastidor: string; kms: number; tipo: string; estado: string; orden: number; fechaMatriculacion: string; esCocheInversor: boolean; ... 8 more ...; precioVenta: number; }'.
__tests__/integration/crm-functions.test.ts(260,24): error TS2339: Property 'fechaVentaFirmada' does not exist on type '{ numero: string; clienteId: number; vehiculoId: number; estado: string; importeTotal: number; importeSena: number; formaPagoSena: string; financiacion: boolean; responsableComercial: string; fechaCreacion: Date; fechaReservaDesde: Date; fechaReservaExpira: Date; }'.
__tests__/integration/crm-functions.test.ts(261,24): error TS2339: Property 'contratoVenta' does not exist on type '{ numero: string; clienteId: number; vehiculoId: number; estado: string; importeTotal: number; importeSena: number; formaPagoSena: string; financiacion: boolean; responsableComercial: string; fechaCreacion: Date; fechaReservaDesde: Date; fechaReservaExpira: Date; }'.
__tests__/integration/crm-functions.test.ts(262,24): error TS2339: Property 'factura' does not exist on type '{ numero: string; clienteId: number; vehiculoId: number; estado: string; importeTotal: number; importeSena: number; formaPagoSena: string; financiacion: boolean; responsableComercial: string; fechaCreacion: Date; fechaReservaDesde: Date; fechaReservaExpira: Date; }'.
__tests__/integration/crm-functions.test.ts(277,29): error TS2339: Property 'entidadFinanciera' does not exist on type '{ numero: string; clienteId: number; vehiculoId: number; estado: string; importeTotal: number; importeSena: number; formaPagoSena: string; financiacion: boolean; responsableComercial: string; fechaCreacion: Date; fechaReservaDesde: Date; fechaReservaExpira: Date; }'.
__tests__/integration/crm-functions.test.ts(280,29): error TS2339: Property 'restoAPagar' does not exist on type '{ numero: string; clienteId: number; vehiculoId: number; estado: string; importeTotal: number; importeSena: number; formaPagoSena: string; financiacion: boolean; responsableComercial: string; fechaCreacion: Date; fechaReservaDesde: Date; fechaReservaExpira: Date; }'.
__tests__/integration/real-database-tests.test.ts(7,7): error TS2451: Cannot redeclare block-scoped variable 'createTestCliente'.
__tests__/integration/real-database-tests.test.ts(19,7): error TS2451: Cannot redeclare block-scoped variable 'createTestVehiculo'.
__tests__/integration/real-database-tests.test.ts(31,7): error TS2451: Cannot redeclare block-scoped variable 'createTestDeposito'.
__tests__/integration/real-database-tests.test.ts(102,13): error TS18046: 'error' is of type 'unknown'.
__tests__/integration/real-database-tests.test.ts(169,15): error TS18046: 'error' is of type 'unknown'.
__tests__/integration/real-database-tests.test.ts(236,13): error TS18046: 'error' is of type 'unknown'.
__tests__/integration/real-database-tests.test.ts(256,65): error TS2554: Expected 0-1 arguments, but got 2.
__tests__/integration/real-database-tests.test.ts(293,13): error TS18046: 'error' is of type 'unknown'.
__tests__/integration/real-database-tests.test.ts(355,13): error TS18046: 'error' is of type 'unknown'.
__tests__/integration/real-database-tests.test.ts(403,13): error TS18046: 'error' is of type 'unknown'.
__tests__/lib/utils.test.ts(92,42): error TS2345: Argument of type 'null' is not assignable to parameter of type 'string'.
__tests__/lib/utils.test.ts(93,42): error TS2345: Argument of type 'undefined' is not assignable to parameter of type 'string'.
__tests__/lib/utils.test.ts(108,35): error TS2345: Argument of type 'null' is not assignable to parameter of type 'string'.
__tests__/lib/utils.test.ts(109,35): error TS2345: Argument of type 'undefined' is not assignable to parameter of type 'string'.
__tests__/lib/utils.test.ts(135,32): error TS2345: Argument of type '{ referencia: string; marca: string; modelo: string; }' is not assignable to parameter of type '{ id: number; marca: string; modelo: string; }'.
  Property 'id' is missing in type '{ referencia: string; marca: string; modelo: string; }' but required in type '{ id: number; marca: string; modelo: string; }'.
__tests__/lib/utils.test.ts(140,32): error TS2345: Argument of type '{ referencia: string; marca: string; modelo: string; }' is not assignable to parameter of type '{ id: number; marca: string; modelo: string; }'.
  Property 'id' is missing in type '{ referencia: string; marca: string; modelo: string; }' but required in type '{ id: number; marca: string; modelo: string; }'.
__tests__/lib/utils.test.ts(143,32): error TS2345: Argument of type '{ referencia: string; marca: string; modelo: string; }' is not assignable to parameter of type '{ id: number; marca: string; modelo: string; }'.
  Property 'id' is missing in type '{ referencia: string; marca: string; modelo: string; }' but required in type '{ id: number; marca: string; modelo: string; }'.
__tests__/lib/utils.test.ts(146,32): error TS2345: Argument of type '{ referencia: string; marca: string; modelo: string; }' is not assignable to parameter of type '{ id: number; marca: string; modelo: string; }'.
  Property 'id' is missing in type '{ referencia: string; marca: string; modelo: string; }' but required in type '{ id: number; marca: string; modelo: string; }'.
__tests__/lib/utils.test.ts(151,32): error TS2345: Argument of type '{ referencia: string; marca: string; modelo: string; }' is not assignable to parameter of type '{ id: number; marca: string; modelo: string; }'.
  Property 'id' is missing in type '{ referencia: string; marca: string; modelo: string; }' but required in type '{ id: number; marca: string; modelo: string; }'.
__tests__/lib/utils.test.ts(156,32): error TS2345: Argument of type '{ referencia: string; marca: string; modelo: string; }' is not assignable to parameter of type '{ id: number; marca: string; modelo: string; }'.
  Property 'id' is missing in type '{ referencia: string; marca: string; modelo: string; }' but required in type '{ id: number; marca: string; modelo: string; }'.
__tests__/lib/utils.test.ts(161,32): error TS2345: Argument of type '{ referencia: string; marca: string; modelo: string; }' is not assignable to parameter of type '{ id: number; marca: string; modelo: string; }'.
  Property 'id' is missing in type '{ referencia: string; marca: string; modelo: string; }' but required in type '{ id: number; marca: string; modelo: string; }'.
src/app/(inversor)/inversor-dashboard/page.tsx(118,32): error TS2741: Property 'totalVendidos' is missing in type 'InvestorMetrics' but required in type '{ beneficioAcumulado: number; capitalInvertido: number; capitalAportado: number; capitalDisponible: number; roi: number; totalVendidos: number; totalEnStock: number; diasPromedioEnStock: number; }'.
src/app/(inversor)/inversor-dashboard/page.tsx(157,20): error TS2741: Property 'onView' is missing in type '{ key: any; vehiculo: any; }' but required in type 'InvestorVehicleCardProps'.
src/app/api/admin/create-deposito-recordatorios-table/route.ts(58,16): error TS18046: 'error' is of type 'unknown'.
src/app/api/admin/create-deposito-recordatorios-table/route.ts(59,13): error TS18046: 'error' is of type 'unknown'.
src/app/api/clientes/[id]/notas/route.ts(32,37): error TS18046: 'error' is of type 'unknown'.
src/app/api/clientes/[id]/notas/route.ts(33,36): error TS18046: 'error' is of type 'unknown'.
src/app/api/clientes/[id]/notas/route.ts(36,16): error TS18046: 'error' is of type 'unknown'.
src/app/api/clientes/[id]/notas/route.ts(37,13): error TS18046: 'error' is of type 'unknown'.
src/app/api/clientes/[id]/notas/route.ts(88,37): error TS18046: 'error' is of type 'unknown'.
src/app/api/clientes/[id]/notas/route.ts(89,36): error TS18046: 'error' is of type 'unknown'.
src/app/api/clientes/[id]/notas/route.ts(92,16): error TS18046: 'error' is of type 'unknown'.
src/app/api/clientes/[id]/notas/route.ts(93,13): error TS18046: 'error' is of type 'unknown'.
src/app/api/clientes/[id]/notas/route.ts(142,37): error TS18046: 'error' is of type 'unknown'.
src/app/api/clientes/[id]/notas/route.ts(143,36): error TS18046: 'error' is of type 'unknown'.
src/app/api/clientes/[id]/notas/route.ts(146,16): error TS18046: 'error' is of type 'unknown'.
src/app/api/clientes/[id]/notas/route.ts(147,13): error TS18046: 'error' is of type 'unknown'.
src/app/api/clientes/[id]/notas/route.ts(186,37): error TS18046: 'error' is of type 'unknown'.
src/app/api/clientes/[id]/notas/route.ts(187,36): error TS18046: 'error' is of type 'unknown'.
src/app/api/clientes/[id]/notas/route.ts(190,16): error TS18046: 'error' is of type 'unknown'.
src/app/api/clientes/[id]/notas/route.ts(191,13): error TS18046: 'error' is of type 'unknown'.
src/app/api/contratos/venta/route.ts(20,7): error TS2353: Object literal may only specify known properties, and 'deposito' does not exist in type 'DealData'.
src/app/api/depositos/[id]/notas/route.ts(32,37): error TS18046: 'error' is of type 'unknown'.
src/app/api/depositos/[id]/notas/route.ts(33,36): error TS18046: 'error' is of type 'unknown'.
src/app/api/depositos/[id]/notas/route.ts(36,16): error TS18046: 'error' is of type 'unknown'.
src/app/api/depositos/[id]/notas/route.ts(37,13): error TS18046: 'error' is of type 'unknown'.
src/app/api/depositos/[id]/notas/route.ts(88,37): error TS18046: 'error' is of type 'unknown'.
src/app/api/depositos/[id]/notas/route.ts(89,36): error TS18046: 'error' is of type 'unknown'.
src/app/api/depositos/[id]/notas/route.ts(92,16): error TS18046: 'error' is of type 'unknown'.
src/app/api/depositos/[id]/notas/route.ts(93,13): error TS18046: 'error' is of type 'unknown'.
src/app/api/depositos/[id]/notas/route.ts(142,37): error TS18046: 'error' is of type 'unknown'.
src/app/api/depositos/[id]/notas/route.ts(143,36): error TS18046: 'error' is of type 'unknown'.
src/app/api/depositos/[id]/notas/route.ts(146,16): error TS18046: 'error' is of type 'unknown'.
src/app/api/depositos/[id]/notas/route.ts(147,13): error TS18046: 'error' is of type 'unknown'.
src/app/api/depositos/[id]/notas/route.ts(186,37): error TS18046: 'error' is of type 'unknown'.
src/app/api/depositos/[id]/notas/route.ts(187,36): error TS18046: 'error' is of type 'unknown'.
src/app/api/depositos/[id]/notas/route.ts(190,16): error TS18046: 'error' is of type 'unknown'.
src/app/api/depositos/[id]/notas/route.ts(191,13): error TS18046: 'error' is of type 'unknown'.
src/app/api/depositos/[id]/route.ts(223,37): error TS18046: 'error' is of type 'unknown'.
src/app/api/depositos/[id]/route.ts(224,36): error TS18046: 'error' is of type 'unknown'.
src/app/api/depositos/[id]/route.ts(228,18): error TS18046: 'error' is of type 'unknown'.
src/app/api/depositos/[id]/route.ts(229,15): error TS18046: 'error' is of type 'unknown'.
src/app/api/inversores/files/[id]/download/route.ts(38,33): error TS2345: Argument of type 'Buffer<ArrayBufferLike>' is not assignable to parameter of type 'BodyInit | null | undefined'.
  Type 'Buffer<ArrayBufferLike>' is missing the following properties from type 'URLSearchParams': size, append, delete, get, and 2 more.
src/app/api/test-dashboard-depositos/route.ts(142,16): error TS18046: 'error' is of type 'unknown'.
src/app/api/test-delete-recordatorio/route.ts(116,16): error TS18046: 'error' is of type 'unknown'.
src/app/api/test-deposito-recordatorios/route.ts(171,16): error TS18046: 'error' is of type 'unknown'.
src/app/api/test-toggle-recordatorio/route.ts(201,16): error TS18046: 'error' is of type 'unknown'.
src/app/api/vehiculos-optimized/route.ts(118,27): error TS2554: Expected 2 arguments, but got 1.
src/app/api/vehiculos/[id]/documentos/route.ts(52,19): error TS2304: Cannot find name 'vehiculoId'.
src/app/api/vehiculos/by-referencia/[referencia]/route.ts(77,16): error TS18046: 'error' is of type 'unknown'.
src/app/api/vehiculos/by-referencia/[referencia]/route.ts(78,13): error TS18046: 'error' is of type 'unknown'.
src/app/api/vehiculos/by-referencia/[referencia]/route.ts(79,15): error TS18046: 'error' is of type 'unknown'.
src/app/api/vehiculos/route.ts(72,41): error TS2345: Argument of type '{ referencia: any; marca: any; modelo: any; matricula: any; bastidor: any; kms: number; tipo: any; color: any; fechaMatriculacion: any; esCocheInversor: any; inversorId: any; fechaCompra: any; precioCompra: any; ... 10 more ...; fotoInversor: any; }' is not assignable to parameter of type 'Omit<Vehiculo, "id" | "createdAt" | "updatedAt">'.
  Type '{ referencia: any; marca: any; modelo: any; matricula: any; bastidor: any; kms: number; tipo: any; color: any; fechaMatriculacion: any; esCocheInversor: any; inversorId: any; fechaCompra: any; precioCompra: any; ... 10 more ...; fotoInversor: any; }' is missing the following properties from type 'Omit<Vehiculo, "id" | "createdAt" | "updatedAt">': estado, orden
src/app/clientes/[id]/page.tsx(244,9): error TS2322: Type '{ vehiculosInteres: never[]; precioMaximo: number; kilometrajeMaximo: number; a├▒oMinimo: number; combustiblePreferido: string; cambioPreferido: string; coloresDeseados: never[]; necesidadesEspeciales: never[]; formaPagoPreferida: string; }' is not assignable to type '{ vehiculosInteres: string[]; precioMaximo: number; kilometrajeMaximo: number; a├▒oMinimo: number; combustiblePreferido: "cualquiera"; cambioPreferido: "cualquiera"; coloresDeseados: string[]; necesidadesEspeciales: string[]; formaPagoPreferida: "cualquiera"; }'.
  Types of property 'combustiblePreferido' are incompatible.
    Type 'string' is not assignable to type '"cualquiera"'.
src/app/clientes/[id]/page.tsx(248,45): error TS18046: 'error' is of type 'unknown'.
src/app/clientes/[id]/page.tsx(466,11): error TS2783: 'vehiculosInteres' is specified more than once, so this usage will be overwritten.
src/app/clientes/[id]/page.tsx(467,11): error TS2783: 'precioMaximo' is specified more than once, so this usage will be overwritten.
src/app/clientes/[id]/page.tsx(468,11): error TS2783: 'kilometrajeMaximo' is specified more than once, so this usage will be overwritten.
src/app/clientes/[id]/page.tsx(469,11): error TS2783: 'a├▒oMinimo' is specified more than once, so this usage will be overwritten.
src/app/clientes/[id]/page.tsx(470,11): error TS2783: 'combustiblePreferido' is specified more than once, so this usage will be overwritten.
src/app/clientes/[id]/page.tsx(471,11): error TS2783: 'cambioPreferido' is specified more than once, so this usage will be overwritten.
src/app/clientes/[id]/page.tsx(472,11): error TS2783: 'coloresDeseados' is specified more than once, so this usage will be overwritten.
src/app/clientes/[id]/page.tsx(473,11): error TS2783: 'necesidadesEspeciales' is specified more than once, so this usage will be overwritten.
src/app/clientes/[id]/page.tsx(474,11): error TS2783: 'formaPagoPreferida' is specified more than once, so this usage will be overwritten.
src/app/clientes/[id]/page.tsx(513,13): error TS7053: Element implicitly has an 'any' type because expression of type 'string' can't be used to index type '{ nombre: string; apellidos: string; telefono: string; email: string; dni: string; direccion: string; ciudad: string; provincia: string; codPostal: string; comoLlego: string; fechaPrimerContacto: string; estado: "nuevo"; prioridad: "media"; proximoPaso: string; etiquetas: string | null; }'.
  No index signature with a parameter of type 'string' was found on type '{ nombre: string; apellidos: string; telefono: string; email: string; dni: string; direccion: string; ciudad: string; provincia: string; codPostal: string; comoLlego: string; fechaPrimerContacto: string; estado: "nuevo"; prioridad: "media"; proximoPaso: string; etiquetas: string | null; }'.
src/app/clientes/[id]/page.tsx(514,18): error TS7053: Element implicitly has an 'any' type because expression of type 'string' can't be used to index type '{ nombre: string; apellidos: string; telefono: string; email: string; dni: string; direccion: string; ciudad: string; provincia: string; codPostal: string; comoLlego: string; fechaPrimerContacto: string; estado: "nuevo"; prioridad: "media"; proximoPaso: string; etiquetas: string | null; }'.
  No index signature with a parameter of type 'string' was found on type '{ nombre: string; apellidos: string; telefono: string; email: string; dni: string; direccion: string; ciudad: string; provincia: string; codPostal: string; comoLlego: string; fechaPrimerContacto: string; estado: "nuevo"; prioridad: "media"; proximoPaso: string; etiquetas: string | null; }'.
src/app/clientes/[id]/page.tsx(557,59): error TS18046: 'error' is of type 'unknown'.
src/app/clientes/[id]/page.tsx(655,48): error TS18046: 'error' is of type 'unknown'.
src/app/clientes/[id]/page.tsx(680,47): error TS2339: Property 'notasAdicionales' does not exist on type '{ vehiculosInteres: string[]; precioMaximo: number; kilometrajeMaximo: number; a├▒oMinimo: number; combustiblePreferido: "cualquiera"; cambioPreferido: "cualquiera"; coloresDeseados: string[]; necesidadesEspeciales: string[]; formaPagoPreferida: "cualquiera"; }'.
src/app/clientes/[id]/page.tsx(688,13): error TS7053: Element implicitly has an 'any' type because expression of type 'string' can't be used to index type '{ vehiculosInteres: string | null; presupuestoMaximo: number | null; kilometrajeMaximo: number | null; a├▒oMinimo: number | null; combustiblePreferido: "cualquiera"; cambioPreferido: "cualquiera"; ... 19 more ...; proximoPaso: string; }'.
  No index signature with a parameter of type 'string' was found on type '{ vehiculosInteres: string | null; presupuestoMaximo: number | null; kilometrajeMaximo: number | null; a├▒oMinimo: number | null; combustiblePreferido: "cualquiera"; cambioPreferido: "cualquiera"; ... 19 more ...; proximoPaso: string; }'.
src/app/clientes/[id]/page.tsx(689,18): error TS7053: Element implicitly has an 'any' type because expression of type 'string' can't be used to index type '{ vehiculosInteres: string | null; presupuestoMaximo: number | null; kilometrajeMaximo: number | null; a├▒oMinimo: number | null; combustiblePreferido: "cualquiera"; cambioPreferido: "cualquiera"; ... 19 more ...; proximoPaso: string; }'.
  No index signature with a parameter of type 'string' was found on type '{ vehiculosInteres: string | null; presupuestoMaximo: number | null; kilometrajeMaximo: number | null; a├▒oMinimo: number | null; combustiblePreferido: "cualquiera"; cambioPreferido: "cualquiera"; ... 19 more ...; proximoPaso: string; }'.
src/app/clientes/[id]/page.tsx(707,9): error TS2304: Cannot find name 'setIsEditing'.
src/app/clientes/[id]/page.tsx(815,32): error TS2304: Cannot find name 'setShowNotaForm'.
src/app/clientes/[id]/page.tsx(815,49): error TS2304: Cannot find name 'showNotaForm'.
src/app/clientes/[id]/page.tsx(1041,29): error TS2339: Property 'direccion' does not exist on type 'Cliente'.
src/app/clientes/[id]/page.tsx(1041,50): error TS2339: Property 'ciudad' does not exist on type 'Cliente'.
src/app/clientes/[id]/page.tsx(1041,68): error TS2339: Property 'provincia' does not exist on type 'Cliente'.
src/app/clientes/[id]/page.tsx(1041,89): error TS2339: Property 'codPostal' does not exist on type 'Cliente'.
src/app/clientes/[id]/page.tsx(1045,34): error TS2339: Property 'direccion' does not exist on type 'Cliente'.
src/app/clientes/[id]/page.tsx(1048,79): error TS2339: Property 'direccion' does not exist on type 'Cliente'.
src/app/clientes/[id]/page.tsx(1051,34): error TS2339: Property 'ciudad' does not exist on type 'Cliente'.
src/app/clientes/[id]/page.tsx(1054,79): error TS2339: Property 'ciudad' does not exist on type 'Cliente'.
src/app/clientes/[id]/page.tsx(1057,34): error TS2339: Property 'provincia' does not exist on type 'Cliente'.
src/app/clientes/[id]/page.tsx(1060,79): error TS2339: Property 'provincia' does not exist on type 'Cliente'.
src/app/clientes/[id]/page.tsx(1063,34): error TS2339: Property 'codPostal' does not exist on type 'Cliente'.
src/app/clientes/[id]/page.tsx(1066,79): error TS2339: Property 'codPostal' does not exist on type 'Cliente'.
src/app/clientes/[id]/page.tsx(1419,39): error TS7006: Parameter 'etiqueta' implicitly has an 'any' type.
src/app/clientes/[id]/page.tsx(1419,49): error TS7006: Parameter 'index' implicitly has an 'any' type.
src/app/clientes/page.tsx(785,11): error TS2322: Type 'import("C:/crmnuevo/src/lib/database").Cliente[]' is not assignable to type 'Cliente[]'.
  Type 'import("C:/crmnuevo/src/lib/database").Cliente' is not assignable to type 'Cliente'.
    Types of property 'intereses' are incompatible.
      Property 'vehiculoPrincipal' is missing in type 'InteresesCliente' but required in type '{ vehiculoPrincipal: string; precioMaximo: number; combustiblePreferido: string; cambioPreferido: string; }'.
src/app/deals/[id]/page.tsx(530,157): error TS2339: Property 'tipo' does not exist on type '{ id: number; referencia: string; marca: string; modelo: string; matricula: string; bastidor: string; kms: number; precioPublicacion?: number | undefined; estado: string; }'.
src/app/deals/[id]/page.tsx(631,39): error TS2339: Property 'style' does not exist on type 'Element'.
src/app/deals/[id]/page.tsx(1002,21): error TS2322: Type 'string | true | undefined' is not assignable to type 'boolean | undefined'.
  Type 'string' is not assignable to type 'boolean | undefined'.
src/app/deals/[id]/page.tsx(1051,21): error TS2322: Type 'string | true | undefined' is not assignable to type 'boolean | undefined'.
  Type 'string' is not assignable to type 'boolean | undefined'.
src/app/deals/[id]/page.tsx(1106,21): error TS2322: Type 'string | true | undefined' is not assignable to type 'boolean | undefined'.
  Type 'string' is not assignable to type 'boolean | undefined'.
src/app/deals/[id]/page.tsx(1164,58): error TS2345: Argument of type '{ id: number; nombre: string; apellidos: string; email?: string | undefined; telefono?: string | undefined; dni?: string | undefined; } | undefined' is not assignable to parameter of type '{ id: number; nombre: string; apellidos: string; }'.
  Type 'undefined' is not assignable to type '{ id: number; nombre: string; apellidos: string; }'.
src/app/deals/crear/page.tsx(56,58): error TS7006: Parameter 'vehiculo' implicitly has an 'any' type.
src/app/deals/crear/page.tsx(58,54): error TS7006: Parameter 'deal' implicitly has an 'any' type.
src/app/deals/crear/page.tsx(132,44): error TS18046: 'error' is of type 'unknown'.
src/app/deals/nuevo/page.tsx(111,58): error TS7006: Parameter 'vehiculo' implicitly has an 'any' type.
src/app/deals/nuevo/page.tsx(113,54): error TS7006: Parameter 'deal' implicitly has an 'any' type.
src/app/deals/nuevo/page.tsx(226,16): error TS2339: Property 'tipo' does not exist on type 'Vehiculo'.
src/app/deals/nuevo/page.tsx(228,16): error TS2339: Property 'color' does not exist on type 'Vehiculo'.
src/app/deals/nuevo/page.tsx(229,16): error TS2339: Property 'a├▒o' does not exist on type 'Vehiculo'.
src/app/deals/nuevo/page.tsx(405,88): error TS2339: Property 'tipo' does not exist on type 'Vehiculo'.
src/app/deals/nuevo/page.tsx(408,39): error TS2339: Property 'tipo' does not exist on type 'Vehiculo'.
src/app/deals/nuevo/page.tsx(408,55): error TS2339: Property 'a├▒o' does not exist on type 'Vehiculo'.
src/app/deals/nuevo/page.tsx(408,76): error TS2339: Property 'a├▒o' does not exist on type 'Vehiculo'.
src/app/depositos/[id]/page.tsx(823,19): error TS2322: Type 'string | true | undefined' is not assignable to type 'boolean | undefined'.
  Type 'string' is not assignable to type 'boolean | undefined'.
src/app/depositos/[id]/page.tsx(875,19): error TS2322: Type 'string | true | undefined' is not assignable to type 'boolean | undefined'.
  Type 'string' is not assignable to type 'boolean | undefined'.
src/app/depositos/[id]/page.tsx(1106,36): error TS2345: Argument of type 'number | undefined' is not assignable to parameter of type 'string'.
  Type 'undefined' is not assignable to type 'string'.
src/app/depositos/[id]/page.tsx(1558,29): error TS2367: This comparison appears to be unintentional because the types '"ACTIVO"' and '"VENDIDO"' have no overlap.
src/app/documentacion/page.tsx(308,19): error TS2322: Type '(el: HTMLInputElement | null) => HTMLInputElement | null' is not assignable to type 'Ref<HTMLInputElement> | undefined'.
  Type '(el: HTMLInputElement | null) => HTMLInputElement | null' is not assignable to type '(instance: HTMLInputElement | null) => void | (() => VoidOrUndefinedOnly)'.
    Type 'HTMLInputElement | null' is not assignable to type 'void | (() => VoidOrUndefinedOnly)'.
      Type 'null' is not assignable to type 'void | (() => VoidOrUndefinedOnly)'.
src/app/inversores/[id]/page.tsx(5,10): error TS2305: Module '"@/lib/direct-database"' has no exported member 'Inversor'.
src/app/inversores/[id]/page.tsx(1156,21): error TS2322: Type 'import("C:/crmnuevo/src/lib/direct-database").Vehiculo' is not assignable to type 'import("C:/crmnuevo/src/lib/database").Vehiculo'.
  Types of property 'createdAt' are incompatible.
    Type 'Date' is not assignable to type 'string'.
src/app/inversores/[id]/page.tsx(1159,21): error TS2322: Type '(vehiculo: import("C:/crmnuevo/src/lib/direct-database").Vehiculo) => void' is not assignable to type '(vehiculo: import("C:/crmnuevo/src/lib/database").Vehiculo) => void'.
  Types of parameters 'vehiculo' and 'vehiculo' are incompatible.
    Type 'import("C:/crmnuevo/src/lib/database").Vehiculo' is not assignable to type 'import("C:/crmnuevo/src/lib/direct-database").Vehiculo'.
      Types of property 'estado' are incompatible.
        Type 'string' is not assignable to type '"ACTIVO" | "VENDIDO" | "RESERVADO" | "BORRADOR" | "FINALIZADO"'.
src/app/inversores/[id]/page.tsx(1160,21): error TS2322: Type '(vehiculo: import("C:/crmnuevo/src/lib/direct-database").Vehiculo) => void' is not assignable to type '(vehiculo: import("C:/crmnuevo/src/lib/database").Vehiculo) => void'.
  Types of parameters 'vehiculo' and 'vehiculo' are incompatible.
    Type 'import("C:/crmnuevo/src/lib/database").Vehiculo' is not assignable to type 'import("C:/crmnuevo/src/lib/direct-database").Vehiculo'.
      Types of property 'estado' are incompatible.
        Type 'string' is not assignable to type '"ACTIVO" | "VENDIDO" | "RESERVADO" | "BORRADOR" | "FINALIZADO"'.
src/app/inversores/[id]/page.tsx(1162,21): error TS2322: Type 'boolean | null' is not assignable to type 'boolean | undefined'.
  Type 'null' is not assignable to type 'boolean | undefined'.
src/app/inversores/[id]/page.tsx(1177,17): error TS2820: Type '"inversores"' is not assignable to type '"cliente" | "vehiculo" | "inversor" | "deal" | undefined'. Did you mean '"inversor"'?
src/app/inversores/[id]/page.tsx(1178,17): error TS2322: Type 'boolean | null' is not assignable to type 'boolean | undefined'.
  Type 'null' is not assignable to type 'boolean | undefined'.
src/app/inversores/[id]/page.tsx(1194,17): error TS2322: Type 'boolean | null' is not assignable to type 'boolean | undefined'.
  Type 'null' is not assignable to type 'boolean | undefined'.
src/app/inversores/page.tsx(5,10): error TS2305: Module '"@/lib/direct-database"' has no exported member 'Inversor'.
src/app/test-pdf/page.tsx(45,41): error TS18046: 'error' is of type 'unknown'.
src/app/test-pdf/page.tsx(58,41): error TS18046: 'error' is of type 'unknown'.
src/app/test-pdf/page.tsx(75,41): error TS18046: 'error' is of type 'unknown'.
src/app/vehiculos/[id]/page.tsx(451,29): error TS2339: Property 'path' does not exist on type '{ id: string; nombre: string; tama├▒o: string; fechaSubida: string; tipo: string; ruta?: string | undefined; }'.
src/app/vehiculos/[id]/page.tsx(452,33): error TS2339: Property 'name' does not exist on type '{ id: string; nombre: string; tama├▒o: string; fechaSubida: string; tipo: string; ruta?: string | undefined; }'.
src/app/vehiculos/[id]/page.tsx(540,22): error TS2345: Argument of type '{ marca: string; modelo: string; matricula: string; bastidor: string; kms: number; color: string; fechaMatriculacion: string; a├▒o: number; itv: string; seguro: string; segundaLlave: string; carpeta: string; master: string; hojasA: string; documentacion: string; }' is not assignable to parameter of type 'SetStateAction<{ marca: string; modelo: string; matricula: string; bastidor: string; kms: number; color: string; fechaMatriculacion: string; a├▒o: number; itv: string; seguro: string; segundaLlave: string; carpeta: string; ... 10 more ...; precioVenta: number; }>'.
  Type '{ marca: string; modelo: string; matricula: string; bastidor: string; kms: number; color: string; fechaMatriculacion: string; a├▒o: number; itv: string; seguro: string; segundaLlave: string; carpeta: string; master: string; hojasA: string; documentacion: string; }' is missing the following properties from type '{ marca: string; modelo: string; matricula: string; bastidor: string; kms: number; color: string; fechaMatriculacion: string; a├▒o: number; itv: string; seguro: string; segundaLlave: string; carpeta: string; ... 10 more ...; precioVenta: number; }': precioCompra, gastosTransporte, gastosTasas, gastosMecanica, and 4 more.
src/app/vehiculos/[id]/page.tsx(697,48): error TS2345: Argument of type '"warning"' is not assignable to parameter of type '"success" | "error" | "info" | undefined'.
src/app/vehiculos/[id]/page.tsx(1083,19): error TS2339: Property 'dealActivoId' does not exist on type 'Vehiculo'.
src/app/vehiculos/[id]/page.tsx(2256,48): error TS2345: Argument of type '(prev: { marca: string; modelo: string; matricula: string; bastidor: string; kms: number; color: string; fechaMatriculacion: string; a├▒o: number; itv: string; seguro: string; segundaLlave: string; carpeta: string; ... 10 more ...; precioVenta: number; }) => { ...; }' is not assignable to parameter of type 'SetStateAction<{ marca: string; modelo: string; matricula: string; bastidor: string; kms: number; color: string; fechaMatriculacion: string; a├▒o: number; itv: string; seguro: string; segundaLlave: string; carpeta: string; ... 10 more ...; precioVenta: number; }>'.
  Type '(prev: { marca: string; modelo: string; matricula: string; bastidor: string; kms: number; color: string; fechaMatriculacion: string; a├▒o: number; itv: string; seguro: string; segundaLlave: string; carpeta: string; ... 10 more ...; precioVenta: number; }) => { ...; }' is not assignable to type '(prevState: { marca: string; modelo: string; matricula: string; bastidor: string; kms: number; color: string; fechaMatriculacion: string; a├▒o: number; itv: string; seguro: string; segundaLlave: string; carpeta: string; ... 10 more ...; precioVenta: number; }) => { ...; }'.
    Call signature return types '{ itv: null; marca: string; modelo: string; matricula: string; bastidor: string; kms: number; color: string; fechaMatriculacion: string; a├▒o: number; seguro: string; segundaLlave: string; carpeta: string; ... 10 more ...; precioVenta: number; }' and '{ marca: string; modelo: string; matricula: string; bastidor: string; kms: number; color: string; fechaMatriculacion: string; a├▒o: number; itv: string; seguro: string; segundaLlave: string; carpeta: string; ... 10 more ...; precioVenta: number; }' are incompatible.
      The types of 'itv' are incompatible between these types.
        Type 'null' is not assignable to type 'string'.
src/app/vehiculos/[id]/page.tsx(2261,48): error TS2345: Argument of type '(prev: { marca: string; modelo: string; matricula: string; bastidor: string; kms: number; color: string; fechaMatriculacion: string; a├▒o: number; itv: string; seguro: string; segundaLlave: string; carpeta: string; ... 10 more ...; precioVenta: number; }) => { ...; }' is not assignable to parameter of type 'SetStateAction<{ marca: string; modelo: string; matricula: string; bastidor: string; kms: number; color: string; fechaMatriculacion: string; a├▒o: number; itv: string; seguro: string; segundaLlave: string; carpeta: string; ... 10 more ...; precioVenta: number; }>'.
  Type '(prev: { marca: string; modelo: string; matricula: string; bastidor: string; kms: number; color: string; fechaMatriculacion: string; a├▒o: number; itv: string; seguro: string; segundaLlave: string; carpeta: string; ... 10 more ...; precioVenta: number; }) => { ...; }' is not assignable to type '(prevState: { marca: string; modelo: string; matricula: string; bastidor: string; kms: number; color: string; fechaMatriculacion: string; a├▒o: number; itv: string; seguro: string; segundaLlave: string; carpeta: string; ... 10 more ...; precioVenta: number; }) => { ...; }'.
    Call signature return types '{ itv: boolean; marca: string; modelo: string; matricula: string; bastidor: string; kms: number; color: string; fechaMatriculacion: string; a├▒o: number; seguro: string; segundaLlave: string; carpeta: string; ... 10 more ...; precioVenta: number; }' and '{ marca: string; modelo: string; matricula: string; bastidor: string; kms: number; color: string; fechaMatriculacion: string; a├▒o: number; itv: string; seguro: string; segundaLlave: string; carpeta: string; ... 10 more ...; precioVenta: number; }' are incompatible.
      The types of 'itv' are incompatible between these types.
        Type 'boolean' is not assignable to type 'string'.
src/app/vehiculos/[id]/page.tsx(2337,46): error TS2345: Argument of type '(prev: { marca: string; modelo: string; matricula: string; bastidor: string; kms: number; color: string; fechaMatriculacion: string; a├▒o: number; itv: string; seguro: string; segundaLlave: string; carpeta: string; ... 10 more ...; precioVenta: number; }) => { ...; }' is not assignable to parameter of type 'SetStateAction<{ marca: string; modelo: string; matricula: string; bastidor: string; kms: number; color: string; fechaMatriculacion: string; a├▒o: number; itv: string; seguro: string; segundaLlave: string; carpeta: string; ... 10 more ...; precioVenta: number; }>'.
  Type '(prev: { marca: string; modelo: string; matricula: string; bastidor: string; kms: number; color: string; fechaMatriculacion: string; a├▒o: number; itv: string; seguro: string; segundaLlave: string; carpeta: string; ... 10 more ...; precioVenta: number; }) => { ...; }' is not assignable to type '(prevState: { marca: string; modelo: string; matricula: string; bastidor: string; kms: number; color: string; fechaMatriculacion: string; a├▒o: number; itv: string; seguro: string; segundaLlave: string; carpeta: string; ... 10 more ...; precioVenta: number; }) => { ...; }'.
    Call signature return types '{ seguro: null; marca: string; modelo: string; matricula: string; bastidor: string; kms: number; color: string; fechaMatriculacion: string; a├▒o: number; itv: string; segundaLlave: string; carpeta: string; ... 10 more ...; precioVenta: number; }' and '{ marca: string; modelo: string; matricula: string; bastidor: string; kms: number; color: string; fechaMatriculacion: string; a├▒o: number; itv: string; seguro: string; segundaLlave: string; carpeta: string; ... 10 more ...; precioVenta: number; }' are incompatible.
      The types of 'seguro' are incompatible between these types.
        Type 'null' is not assignable to type 'string'.
src/app/vehiculos/[id]/page.tsx(2410,46): error TS2345: Argument of type '(prev: { marca: string; modelo: string; matricula: string; bastidor: string; kms: number; color: string; fechaMatriculacion: string; a├▒o: number; itv: string; seguro: string; segundaLlave: string; carpeta: string; ... 10 more ...; precioVenta: number; }) => { ...; }' is not assignable to parameter of type 'SetStateAction<{ marca: string; modelo: string; matricula: string; bastidor: string; kms: number; color: string; fechaMatriculacion: string; a├▒o: number; itv: string; seguro: string; segundaLlave: string; carpeta: string; ... 10 more ...; precioVenta: number; }>'.
  Type '(prev: { marca: string; modelo: string; matricula: string; bastidor: string; kms: number; color: string; fechaMatriculacion: string; a├▒o: number; itv: string; seguro: string; segundaLlave: string; carpeta: string; ... 10 more ...; precioVenta: number; }) => { ...; }' is not assignable to type '(prevState: { marca: string; modelo: string; matricula: string; bastidor: string; kms: number; color: string; fechaMatriculacion: string; a├▒o: number; itv: string; seguro: string; segundaLlave: string; carpeta: string; ... 10 more ...; precioVenta: number; }) => { ...; }'.
    Call signature return types '{ segundaLlave: null; marca: string; modelo: string; matricula: string; bastidor: string; kms: number; color: string; fechaMatriculacion: string; a├▒o: number; itv: string; seguro: string; carpeta: string; ... 10 more ...; precioVenta: number; }' and '{ marca: string; modelo: string; matricula: string; bastidor: string; kms: number; color: string; fechaMatriculacion: string; a├▒o: number; itv: string; seguro: string; segundaLlave: string; carpeta: string; ... 10 more ...; precioVenta: number; }' are incompatible.
      The types of 'segundaLlave' are incompatible between these types.
        Type 'null' is not assignable to type 'string'.
src/app/vehiculos/[id]/page.tsx(2485,46): error TS2345: Argument of type '(prev: { marca: string; modelo: string; matricula: string; bastidor: string; kms: number; color: string; fechaMatriculacion: string; a├▒o: number; itv: string; seguro: string; segundaLlave: string; carpeta: string; ... 10 more ...; precioVenta: number; }) => { ...; }' is not assignable to parameter of type 'SetStateAction<{ marca: string; modelo: string; matricula: string; bastidor: string; kms: number; color: string; fechaMatriculacion: string; a├▒o: number; itv: string; seguro: string; segundaLlave: string; carpeta: string; ... 10 more ...; precioVenta: number; }>'.
  Type '(prev: { marca: string; modelo: string; matricula: string; bastidor: string; kms: number; color: string; fechaMatriculacion: string; a├▒o: number; itv: string; seguro: string; segundaLlave: string; carpeta: string; ... 10 more ...; precioVenta: number; }) => { ...; }' is not assignable to type '(prevState: { marca: string; modelo: string; matricula: string; bastidor: string; kms: number; color: string; fechaMatriculacion: string; a├▒o: number; itv: string; seguro: string; segundaLlave: string; carpeta: string; ... 10 more ...; precioVenta: number; }) => { ...; }'.
    Call signature return types '{ documentacion: null; marca: string; modelo: string; matricula: string; bastidor: string; kms: number; color: string; fechaMatriculacion: string; a├▒o: number; itv: string; seguro: string; segundaLlave: string; ... 10 more ...; precioVenta: number; }' and '{ marca: string; modelo: string; matricula: string; bastidor: string; kms: number; color: string; fechaMatriculacion: string; a├▒o: number; itv: string; seguro: string; segundaLlave: string; carpeta: string; ... 10 more ...; precioVenta: number; }' are incompatible.
      The types of 'documentacion' are incompatible between these types.
        Type 'null' is not assignable to type 'string'.
src/app/vehiculos/[id]/page.tsx(2558,46): error TS2345: Argument of type '(prev: { marca: string; modelo: string; matricula: string; bastidor: string; kms: number; color: string; fechaMatriculacion: string; a├▒o: number; itv: string; seguro: string; segundaLlave: string; carpeta: string; ... 10 more ...; precioVenta: number; }) => { ...; }' is not assignable to parameter of type 'SetStateAction<{ marca: string; modelo: string; matricula: string; bastidor: string; kms: number; color: string; fechaMatriculacion: string; a├▒o: number; itv: string; seguro: string; segundaLlave: string; carpeta: string; ... 10 more ...; precioVenta: number; }>'.
  Type '(prev: { marca: string; modelo: string; matricula: string; bastidor: string; kms: number; color: string; fechaMatriculacion: string; a├▒o: number; itv: string; seguro: string; segundaLlave: string; carpeta: string; ... 10 more ...; precioVenta: number; }) => { ...; }' is not assignable to type '(prevState: { marca: string; modelo: string; matricula: string; bastidor: string; kms: number; color: string; fechaMatriculacion: string; a├▒o: number; itv: string; seguro: string; segundaLlave: string; carpeta: string; ... 10 more ...; precioVenta: number; }) => { ...; }'.
    Call signature return types '{ master: null; marca: string; modelo: string; matricula: string; bastidor: string; kms: number; color: string; fechaMatriculacion: string; a├▒o: number; itv: string; seguro: string; segundaLlave: string; ... 10 more ...; precioVenta: number; }' and '{ marca: string; modelo: string; matricula: string; bastidor: string; kms: number; color: string; fechaMatriculacion: string; a├▒o: number; itv: string; seguro: string; segundaLlave: string; carpeta: string; ... 10 more ...; precioVenta: number; }' are incompatible.
      The types of 'master' are incompatible between these types.
        Type 'null' is not assignable to type 'string'.
src/app/vehiculos/[id]/page.tsx(2629,46): error TS2345: Argument of type '(prev: { marca: string; modelo: string; matricula: string; bastidor: string; kms: number; color: string; fechaMatriculacion: string; a├▒o: number; itv: string; seguro: string; segundaLlave: string; carpeta: string; ... 10 more ...; precioVenta: number; }) => { ...; }' is not assignable to parameter of type 'SetStateAction<{ marca: string; modelo: string; matricula: string; bastidor: string; kms: number; color: string; fechaMatriculacion: string; a├▒o: number; itv: string; seguro: string; segundaLlave: string; carpeta: string; ... 10 more ...; precioVenta: number; }>'.
  Type '(prev: { marca: string; modelo: string; matricula: string; bastidor: string; kms: number; color: string; fechaMatriculacion: string; a├▒o: number; itv: string; seguro: string; segundaLlave: string; carpeta: string; ... 10 more ...; precioVenta: number; }) => { ...; }' is not assignable to type '(prevState: { marca: string; modelo: string; matricula: string; bastidor: string; kms: number; color: string; fechaMatriculacion: string; a├▒o: number; itv: string; seguro: string; segundaLlave: string; carpeta: string; ... 10 more ...; precioVenta: number; }) => { ...; }'.
    Call signature return types '{ carpeta: null; marca: string; modelo: string; matricula: string; bastidor: string; kms: number; color: string; fechaMatriculacion: string; a├▒o: number; itv: string; seguro: string; segundaLlave: string; ... 10 more ...; precioVenta: number; }' and '{ marca: string; modelo: string; matricula: string; bastidor: string; kms: number; color: string; fechaMatriculacion: string; a├▒o: number; itv: string; seguro: string; segundaLlave: string; carpeta: string; ... 10 more ...; precioVenta: number; }' are incompatible.
      The types of 'carpeta' are incompatible between these types.
        Type 'null' is not assignable to type 'string'.
src/app/vehiculos/[id]/page.tsx(2701,46): error TS2345: Argument of type '(prev: { marca: string; modelo: string; matricula: string; bastidor: string; kms: number; color: string; fechaMatriculacion: string; a├▒o: number; itv: string; seguro: string; segundaLlave: string; carpeta: string; ... 10 more ...; precioVenta: number; }) => { ...; }' is not assignable to parameter of type 'SetStateAction<{ marca: string; modelo: string; matricula: string; bastidor: string; kms: number; color: string; fechaMatriculacion: string; a├▒o: number; itv: string; seguro: string; segundaLlave: string; carpeta: string; ... 10 more ...; precioVenta: number; }>'.
  Type '(prev: { marca: string; modelo: string; matricula: string; bastidor: string; kms: number; color: string; fechaMatriculacion: string; a├▒o: number; itv: string; seguro: string; segundaLlave: string; carpeta: string; ... 10 more ...; precioVenta: number; }) => { ...; }' is not assignable to type '(prevState: { marca: string; modelo: string; matricula: string; bastidor: string; kms: number; color: string; fechaMatriculacion: string; a├▒o: number; itv: string; seguro: string; segundaLlave: string; carpeta: string; ... 10 more ...; precioVenta: number; }) => { ...; }'.
    Call signature return types '{ hojasA: null; marca: string; modelo: string; matricula: string; bastidor: string; kms: number; color: string; fechaMatriculacion: string; a├▒o: number; itv: string; seguro: string; segundaLlave: string; ... 10 more ...; precioVenta: number; }' and '{ marca: string; modelo: string; matricula: string; bastidor: string; kms: number; color: string; fechaMatriculacion: string; a├▒o: number; itv: string; seguro: string; segundaLlave: string; carpeta: string; ... 10 more ...; precioVenta: number; }' are incompatible.
      The types of 'hojasA' are incompatible between these types.
        Type 'null' is not assignable to type 'string'.
src/app/vehiculos/[id]/page.tsx(2706,46): error TS2345: Argument of type '(prev: { marca: string; modelo: string; matricula: string; bastidor: string; kms: number; color: string; fechaMatriculacion: string; a├▒o: number; itv: string; seguro: string; segundaLlave: string; carpeta: string; ... 10 more ...; precioVenta: number; }) => { ...; }' is not assignable to parameter of type 'SetStateAction<{ marca: string; modelo: string; matricula: string; bastidor: string; kms: number; color: string; fechaMatriculacion: string; a├▒o: number; itv: string; seguro: string; segundaLlave: string; carpeta: string; ... 10 more ...; precioVenta: number; }>'.
  Type '(prev: { marca: string; modelo: string; matricula: string; bastidor: string; kms: number; color: string; fechaMatriculacion: string; a├▒o: number; itv: string; seguro: string; segundaLlave: string; carpeta: string; ... 10 more ...; precioVenta: number; }) => { ...; }' is not assignable to type '(prevState: { marca: string; modelo: string; matricula: string; bastidor: string; kms: number; color: string; fechaMatriculacion: string; a├▒o: number; itv: string; seguro: string; segundaLlave: string; carpeta: string; ... 10 more ...; precioVenta: number; }) => { ...; }'.
    Call signature return types '{ hojasA: boolean; marca: string; modelo: string; matricula: string; bastidor: string; kms: number; color: string; fechaMatriculacion: string; a├▒o: number; itv: string; seguro: string; segundaLlave: string; ... 10 more ...; precioVenta: number; }' and '{ marca: string; modelo: string; matricula: string; bastidor: string; kms: number; color: string; fechaMatriculacion: string; a├▒o: number; itv: string; seguro: string; segundaLlave: string; carpeta: string; ... 10 more ...; precioVenta: number; }' are incompatible.
      The types of 'hojasA' are incompatible between these types.
        Type 'boolean' is not assignable to type 'string'.
src/app/vehiculos/[id]/page.tsx(2947,42): error TS2339: Property 'name' does not exist on type '{ id: string; nombre: string; tama├▒o: string; fechaSubida: string; tipo: string; ruta?: string | undefined; }'.
src/app/vehiculos/[id]/page.tsx(2949,36): error TS2339: Property 'name' does not exist on type '{ id: string; nombre: string; tama├▒o: string; fechaSubida: string; tipo: string; ruta?: string | undefined; }'.
src/app/vehiculos/[id]/page.tsx(2950,42): error TS2339: Property 'name' does not exist on type '{ id: string; nombre: string; tama├▒o: string; fechaSubida: string; tipo: string; ruta?: string | undefined; }'.
src/app/vehiculos/[id]/page.tsx(2951,39): error TS2339: Property 'name' does not exist on type '{ id: string; nombre: string; tama├▒o: string; fechaSubida: string; tipo: string; ruta?: string | undefined; }'.
src/app/vehiculos/[id]/page.tsx(2954,36): error TS2339: Property 'tama├▒oFormateado' does not exist on type '{ id: string; nombre: string; tama├▒o: string; fechaSubida: string; tipo: string; ruta?: string | undefined; }'.
src/app/vehiculos/[id]/page.tsx(2955,45): error TS2339: Property 'uploadDate' does not exist on type '{ id: string; nombre: string; tama├▒o: string; fechaSubida: string; tipo: string; ruta?: string | undefined; }'.
src/app/vehiculos/page.tsx(1137,59): error TS2339: Property 'updatedAt' does not exist on type 'Vehiculo'.
src/app/vehiculos/page.tsx(1350,51): error TS2339: Property 'updatedAt' does not exist on type 'Vehiculo'.
src/components/InteractiveMetricsChart.tsx(230,33): error TS2322: Type '{ responsive: boolean; maintainAspectRatio: boolean; plugins: { legend: { display: boolean; }; title: { display: boolean; }; tooltip: { backgroundColor: string; titleColor: string; bodyColor: string; ... 4 more ...; callbacks: { ...; }; }; }; scales: { ...; }; animation: { ...; }; interaction: { ...; }; }' is not assignable to type '_DeepPartialObject<CoreChartOptions<"bar"> & ElementChartOptions<"bar"> & PluginChartOptions<"bar"> & DatasetChartOptions<"bar"> & ScaleChartOptions<...> & BarControllerChartOptions>'.
  Types of property 'scales' are incompatible.
    Type '{ x: { grid: { display: boolean; }; ticks: { color: string; font: { size: number; weight: string; }; }; }; y: { beginAtZero: boolean; grid: { color: string; }; ticks: { color: string; font: { size: number; }; callback: (value: any) => any; }; }; }' is not assignable to type '_DeepPartialObject<{ [key: string]: ScaleOptionsByType<keyof CartesianScaleTypeRegistry>; }>'.
      Property 'x' is incompatible with index signature.
        Type '{ grid: { display: boolean; }; ticks: { color: string; font: { size: number; weight: string; }; }; }' is not assignable to type '_DeepPartialObject<{ type: "time"; } & Omit<CartesianScaleOptions, "min" | "max"> & { min: string | number; max: string | number; suggestedMin: string | number; ... 5 more ...; ticks: TimeScaleTickOptions; }> | ... 4 more ... | undefined'.
          Type '{ grid: { display: boolean; }; ticks: { color: string; font: { size: number; weight: string; }; }; }' is not assignable to type '_DeepPartialObject<{ type: "timeseries"; } & Omit<CartesianScaleOptions, "min" | "max"> & { min: string | number; max: string | number; suggestedMin: string | number; ... 5 more ...; ticks: TimeScaleTickOptions; }>'.
            The types of 'ticks.font' are incompatible between these types.
              Type '{ size: number; weight: string; }' is not assignable to type '((ctx: ScriptableScaleContext, options: AnyObject) => Partial<FontSpec> | undefined) | _DeepPartialObject<Partial<FontSpec>> | _DeepPartialObject<...> | undefined'.
                Type '{ size: number; weight: string; }' is not assignable to type '_DeepPartialObject<ScriptableOptions<Partial<FontSpec>, ScriptableScaleContext>>'.
                  Types of property 'weight' are incompatible.
                    Type 'string' is not assignable to type 'number | "bold" | "normal" | "lighter" | "bolder" | ((ctx: ScriptableScaleContext, options: AnyObject) => number | "bold" | "normal" | "lighter" | "bolder" | null | undefined) | null | undefined'.
src/components/InteractiveMetricsChart.tsx(243,43): error TS2322: Type '{ responsive: boolean; maintainAspectRatio: boolean; plugins: { legend: { position: "bottom"; labels: { padding: number; usePointStyle: boolean; pointStyle: string; color: string; font: { size: number; weight: string; }; }; }; tooltip: { ...; }; }; animation: { ...; }; cutout: string; }' is not assignable to type '_DeepPartialObject<CoreChartOptions<"doughnut"> & ElementChartOptions<"doughnut"> & PluginChartOptions<"doughnut"> & DatasetChartOptions<"doughnut"> & ScaleChartOptions<...> & DoughnutControllerChartOptions>'.
  The types of 'plugins.legend.labels.font' are incompatible between these types.
    Type '{ size: number; weight: string; }' is not assignable to type '_DeepPartialObject<Partial<FontSpec>> | ((ctx: ScriptableChartContext, options: AnyObject) => Partial<...> | undefined) | _DeepPartialObject<...> | undefined'.
      Type '{ size: number; weight: string; }' is not assignable to type '_DeepPartialObject<ScriptableOptions<Partial<FontSpec>, ScriptableChartContext>>'.
        Types of property 'weight' are incompatible.
          Type 'string' is not assignable to type 'number | "bold" | "normal" | "lighter" | "bolder" | ((ctx: ScriptableChartContext, options: AnyObject) => number | "bold" | "normal" | "lighter" | "bolder" | null | undefined) | null | undefined'.
src/components/InvestorCard.tsx(52,76): error TS2345: Argument of type 'string | undefined' is not assignable to parameter of type 'string'.
  Type 'undefined' is not assignable to type 'string'.
src/components/InvestorCard.tsx(53,10): error TS18048: 'inversor.capitalAportadoHistorico' is possibly 'undefined'.
src/components/InvestorCard.tsx(54,71): error TS18048: 'inversor.capitalAportadoHistorico' is possibly 'undefined'.
src/components/InvestorForm.tsx(41,12): error TS2345: Argument of type '{ nombre: string; documento: string | undefined; email: string | undefined; telefono: string | undefined; fechaAlta: string; capitalComprometido: number | undefined; capitalAportadoHistorico: number; capitalDisponible: number | undefined; notasInternas: string | undefined; }' is not assignable to parameter of type 'Omit<Inversor, "id" | "createdAt" | "updatedAt">'.
  Type '{ nombre: string; documento: string | undefined; email: string | undefined; telefono: string | undefined; fechaAlta: string; capitalComprometido: number | undefined; capitalAportadoHistorico: number; capitalDisponible: number | undefined; notasInternas: string | undefined; }' is missing the following properties from type 'Omit<Inversor, "id" | "createdAt" | "updatedAt">': capitalAportado, fechaAporte
src/components/InvestorVehicleCard.tsx(353,29): error TS2339: Property 'color' does not exist on type 'Vehiculo'.
src/components/KanbanBoard.tsx(241,29): error TS2345: Argument of type '(prevVehiculos: Vehiculo[]) => {}[]' is not assignable to parameter of type 'Vehiculo[] | ((prev: Vehiculo[]) => Vehiculo[])'.
  Type '(prevVehiculos: Vehiculo[]) => {}[]' is not assignable to type '(prev: Vehiculo[]) => Vehiculo[]'.
    Type '{}[]' is not assignable to type 'Vehiculo[]'.
      Type '{}' is missing the following properties from type 'Vehiculo': id, referencia, marca, modelo, and 7 more.
src/components/KanbanBoard.tsx(293,33): error TS2345: Argument of type '(prevVehiculos: Vehiculo[]) => {}[]' is not assignable to parameter of type 'Vehiculo[] | ((prev: Vehiculo[]) => Vehiculo[])'.
  Type '(prevVehiculos: Vehiculo[]) => {}[]' is not assignable to type '(prev: Vehiculo[]) => Vehiculo[]'.
    Type '{}[]' is not assignable to type 'Vehiculo[]'.
      Type '{}' is missing the following properties from type 'Vehiculo': id, referencia, marca, modelo, and 7 more.
src/components/KanbanBoard.tsx(332,31): error TS2345: Argument of type '(prevVehiculos: Vehiculo[]) => {}[]' is not assignable to parameter of type 'Vehiculo[] | ((prev: Vehiculo[]) => Vehiculo[])'.
  Type '(prevVehiculos: Vehiculo[]) => {}[]' is not assignable to type '(prev: Vehiculo[]) => Vehiculo[]'.
    Type '{}[]' is not assignable to type 'Vehiculo[]'.
      Type '{}' is missing the following properties from type 'Vehiculo': id, referencia, marca, modelo, and 7 more.
src/components/KanbanColumn.tsx(76,57): error TS2719: Type 'Vehiculo' is not assignable to type 'Vehiculo'. Two different types with this name exist, but they are unrelated.
  Types of property 'segundaLlave' are incompatible.
    Type 'boolean | undefined' is not assignable to type 'string | undefined'.
      Type 'boolean' is not assignable to type 'string'.
src/components/NotasSection.tsx(43,9): error TS2367: This comparison appears to be unintentional because the types '"cliente" | "vehiculo" | "inversor" | "deal"' and '"inversores"' have no overlap.
src/components/NotasSection.tsx(82,9): error TS2367: This comparison appears to be unintentional because the types '"cliente" | "vehiculo" | "inversor" | "deal"' and '"inversores"' have no overlap.
src/components/NotasSection.tsx(127,9): error TS2367: This comparison appears to be unintentional because the types '"cliente" | "vehiculo" | "inversor" | "deal"' and '"inversores"' have no overlap.
src/components/NotasSection.tsx(180,11): error TS2367: This comparison appears to be unintentional because the types '"cliente" | "vehiculo" | "inversor" | "deal"' and '"inversores"' have no overlap.
src/components/VehicleCard.tsx(533,25): error TS2339: Property 'fechaMatriculacion' does not exist on type 'Vehiculo'.
src/components/VehicleCard.tsx(536,55): error TS2339: Property 'fechaMatriculacion' does not exist on type 'Vehiculo'.
src/components/VehicleCard.tsx(539,49): error TS2339: Property 'fechaMatriculacion' does not exist on type 'Vehiculo'.
src/components/VehicleCard.tsx(549,41): error TS2339: Property 'fechaMatriculacion' does not exist on type 'Vehiculo'.
src/components/VehicleCard.tsx(553,39): error TS2339: Property 'fechaMatriculacion' does not exist on type 'Vehiculo'.
src/components/VehicleCard.tsx(573,25): error TS2339: Property 'color' does not exist on type 'Vehiculo'.
src/components/VehicleCard.tsx(763,56): error TS2345: Argument of type 'null' is not assignable to parameter of type 'boolean'.
src/components/VehicleForm.tsx(4,10): error TS2305: Module '"@/lib/direct-database"' has no exported member 'Inversor'.
src/lib/contractGenerator.ts(998,52): error TS2339: Property 'id' does not exist on type 'DealData'.
src/lib/contractGenerator.ts(1141,28): error TS2339: Property 'a├▒o' does not exist on type '{ marca: string; modelo: string; matricula: string; bastidor?: string | undefined; precioPublicacion?: number | undefined; }'.
src/lib/contractGenerator.ts(1146,28): error TS2339: Property 'kms' does not exist on type '{ marca: string; modelo: string; matricula: string; bastidor?: string | undefined; precioPublicacion?: number | undefined; }'.
src/lib/contractGenerator.ts(1146,48): error TS2339: Property 'kms' does not exist on type '{ marca: string; modelo: string; matricula: string; bastidor?: string | undefined; precioPublicacion?: number | undefined; }'.
src/lib/dashboard-reminders.ts(52,29): error TS7006: Parameter 'v' implicitly has an 'any' type.
src/lib/dashboard-reminders.ts(97,33): error TS7006: Parameter 'v' implicitly has an 'any' type.
src/lib/database-optimized-queries.ts(1,10): error TS2305: Module '"./database"' has no exported member 'pool'.
src/lib/database-optimized.ts(5,43): error TS2694: Namespace '"C:/crmnuevo/node_modules/.prisma/client/default".Prisma' has no exported member 'VehiculoGetPayload'.
src/lib/database-optimized.ts(9,39): error TS2694: Namespace '"C:/crmnuevo/node_modules/.prisma/client/default".Prisma' has no exported member 'ClienteGetPayload'.
src/lib/database-optimized.ts(37,25): error TS2694: Namespace '"C:/crmnuevo/node_modules/.prisma/client/default".Prisma' has no exported member 'VehiculoWhereInput'.
src/lib/database-optimized.ts(82,44): error TS2694: Namespace '"C:/crmnuevo/node_modules/.prisma/client/default".Prisma' has no exported member 'VehiculoCreateInput'.
src/lib/database-optimized.ts(94,56): error TS2694: Namespace '"C:/crmnuevo/node_modules/.prisma/client/default".Prisma' has no exported member 'VehiculoUpdateInput'.
src/lib/database-optimized.ts(158,25): error TS2694: Namespace '"C:/crmnuevo/node_modules/.prisma/client/default".Prisma' has no exported member 'ClienteWhereInput'.
src/lib/database-optimized.ts(220,43): error TS2694: Namespace '"C:/crmnuevo/node_modules/.prisma/client/default".Prisma' has no exported member 'ClienteCreateInput'.
src/lib/database-optimized.ts(230,55): error TS2694: Namespace '"C:/crmnuevo/node_modules/.prisma/client/default".Prisma' has no exported member 'ClienteUpdateInput'.
src/lib/database-optimized.ts(298,42): error TS7006: Parameter 'v' implicitly has an 'any' type.
src/lib/database-optimized.ts(306,40): error TS2694: Namespace '"C:/crmnuevo/node_modules/.prisma/client/default".Prisma' has no exported member 'NotaClienteCreateInput'.
src/lib/database.ts(620,18): error TS2339: Property 'vehiculoPrincipal' does not exist on type 'InteresesCliente'.
src/lib/database.ts(623,18): error TS2339: Property 'modelosAlternativos' does not exist on type 'InteresesCliente'.
src/lib/database.ts(623,44): error TS7006: Parameter 'm' implicitly has an 'any' type.
src/lib/database.ts(632,18): error TS2339: Property 'vehiculoPrincipal' does not exist on type 'InteresesCliente'.
src/lib/database.ts(635,18): error TS2339: Property 'modelosAlternativos' does not exist on type 'InteresesCliente'.
src/lib/database.ts(635,44): error TS7006: Parameter 'm' implicitly has an 'any' type.
src/lib/direct-database.ts(15,22): error TS7006: Parameter 'line' implicitly has an 'any' type.
src/lib/direct-database.ts(468,9): error TS2353: Object literal may only specify known properties, and 'direccion' does not exist in type '{ id: number; nombre: string; apellidos: string; email?: string | undefined; telefono?: string | undefined; dni?: string | undefined; }'.
src/lib/direct-database.ts(588,32): error TS2339: Property 'estado' does not exist on type 'Partial<DealCreateData>'.
src/lib/direct-database.ts(592,11): error TS7034: Variable 'fields' implicitly has type 'any[]' in some locations where its type cannot be determined.
src/lib/direct-database.ts(630,40): error TS7005: Variable 'fields' implicitly has an 'any[]' type.
src/lib/direct-database.ts(705,12): error TS18047: 'result.rowCount' is possibly 'null'.
src/lib/direct-database.ts(1009,19): error TS2345: Argument of type 'number' is not assignable to parameter of type 'string'.
src/lib/direct-database.ts(1643,12): error TS18047: 'result.rowCount' is possibly 'null'.
src/lib/googleSheets.ts(17,22): error TS18048: 'process.env.GOOGLE_PRIVATE_KEY' is possibly 'undefined'.
src/lib/googleSheets.ts(103,78): error TS7006: Parameter 'l' implicitly has an 'any' type.
src/lib/googleSheets.ts(104,80): error TS7006: Parameter 'l' implicitly has an 'any' type.
src/lib/googleSheets.ts(190,29): error TS7053: Element implicitly has an 'any' type because expression of type 'any' can't be used to index type '{ Compra: string; 'Coche R': string; 'Deposito Venta': string; }'.
src/lib/googleSheets.ts(191,30): error TS7053: Element implicitly has an 'any' type because expression of type 'any' can't be used to index type '{ Compra: string; 'Coche R': string; 'Deposito Venta': string; }'.
src/lib/googleSheets.ts(237,11): error TS7034: Variable 'allData' implicitly has type 'any[]' in some locations where its type cannot be determined.
src/lib/googleSheets.ts(304,13): error TS18046: 'error' is of type 'unknown'.
src/lib/googleSheets.ts(311,12): error TS7005: Variable 'allData' implicitly has an 'any[]' type.
src/lib/optimized-imports.ts(6,43): error TS2307: Cannot find module 'date-fns' or its corresponding type declarations.
src/lib/prisma-database.ts(176,28): error TS2304: Cannot find name 'prisma'.
src/lib/prisma-database.ts(188,11): error TS2304: Cannot find name 'prisma'.
src/lib/prisma-database.ts(222,28): error TS2304: Cannot find name 'prisma'.
src/lib/prisma-database.ts(240,7): error TS2304: Cannot find name 'prisma'.
src/lib/prisma-database.ts(260,29): error TS2304: Cannot find name 'prisma'.
src/lib/prisma-database.ts(302,18): error TS2304: Cannot find name 'prisma'.
src/lib/prisma-database.ts(317,11): error TS2304: Cannot find name 'prisma'.
src/lib/prisma-database.ts(330,18): error TS2304: Cannot find name 'prisma'.
src/lib/prisma-database.ts(341,18): error TS2304: Cannot find name 'prisma'.
src/lib/prisma-database.ts(352,18): error TS2304: Cannot find name 'prisma'.
src/lib/prisma-database.ts(367,11): error TS2304: Cannot find name 'prisma'.
src/lib/prisma-database.ts(380,18): error TS2304: Cannot find name 'prisma'.
src/lib/prisma-database.ts(392,18): error TS2304: Cannot find name 'prisma'.
src/lib/prisma-database.ts(403,18): error TS2304: Cannot find name 'prisma'.
src/lib/prisma-database.ts(418,11): error TS2304: Cannot find name 'prisma'.
tests/e2e/deposit-workflow.spec.ts(303,33): error TS7006: Parameter 'page' implicitly has an 'any' type.
tests/e2e/deposit-workflow.spec.ts(312,45): error TS7006: Parameter 'page' implicitly has an 'any' type.
tests/e2e/deposit-workflow.spec.ts(320,46): error TS7006: Parameter 'page' implicitly has an 'any' type.
tests/e2e/deposit-workflow.spec.ts(328,32): error TS7006: Parameter 'page' implicitly has an 'any' type.
tests/e2e/deposit-workflow.spec.ts(340,38): error TS7006: Parameter 'page' implicitly has an 'any' type.
tests/e2e/smoke-navigation.spec.ts(29,11): error TS7034: Variable 'errors' implicitly has type 'any[]' in some locations where its type cannot be determined.
tests/e2e/smoke-navigation.spec.ts(39,28): error TS7005: Variable 'errors' implicitly has an 'any[]' type.
tests/e2e/smoke-navigation.spec.ts(292,11): error TS7034: Variable 'apiTimes' implicitly has type 'any[]' in some locations where its type cannot be determined.
tests/e2e/smoke-navigation.spec.ts(315,22): error TS7005: Variable 'apiTimes' implicitly has an 'any[]' type.
tests/fixtures/factories.ts(147,34): error TS2559: Type '"6## ### ###"' has no properties in common with type '{ style?: "human" | "national" | "international" | undefined; }'.
tests/fixtures/factories.ts(229,45): error TS2353: Object literal may only specify known properties, and 'days' does not exist in type '{ years?: number | undefined; refDate?: string | number | Date | undefined; }'.
tests/fixtures/factories.ts(277,34): error TS2559: Type '"6## ### ###"' has no properties in common with type '{ style?: "human" | "national" | "international" | undefined; }'.
tests/fixtures/factories.ts(321,45): error TS2353: Object literal may only specify known properties, and 'days' does not exist in type '{ years?: number | undefined; refDate?: string | number | Date | undefined; }'.
tests/integration/clientes.test.ts(47,29): error TS2345: Argument of type '{ status: (code: number) => ...; json: (data: any) => ...; end: (data?: any) => ...; statusCode: number; statusMessage: string; strictContentLength: boolean; req: IncomingMessage; ... 27 more ...; eventNames(): (string | symbol)[]; }' is not assignable to parameter of type 'NextApiResponse<any>'.
  Type '{ status: (code: number) => ...; json: (data: any) => ...; end: (data?: any) => ...; statusCode: number; statusMessage: string; strictContentLength: boolean; req: IncomingMessage; ... 27 more ...; eventNames(): (string | symbol)[]; }' is missing the following properties from type 'ServerResponse<IncomingMessage>': assignSocket, detachSocket, writeContinue, writeEarlyHints, and 30 more.
tests/integration/complete-api-workflow.test.ts(142,9): error TS2561: Object literal may only specify known properties, but 'cliente_id' does not exist in type 'Partial<TestDeal>'. Did you mean to write 'clienteId'?
